// Jest Snapshot v1, https://goo.gl/fbAQLP

exports[`should generate correct output for fixtures/example.css 1`] = `
".image {
    font-family: Verdana;
  border: 1px solid green;
    color: red;
    background: url('data:image/png;base64,');
    background-image: url(\\"data:image/png;base64,\\")
}


@media (-webkit-min-device-pixel-ratio: 2), (min-resolution: 192dpi) {


.image {
    background-image:  url(\\"data:image/png;base64,\\")
}
}


.image {
    background-image: -webkit-image-set(url(\\"data:image/png;base64,\\") 1x, url(\\"data:image/png;base64,\\") 2x);
    background-image: image-set(url(\\"data:image/png;base64,\\") 1x, url(\\"data:image/png;base64,\\") 2x);
    padding: 40px
}


.image .loop-1 {
            font-family: Verdana;
  border: 1px solid green;
            color: red;
            background: url('data:image/png;base64,');
            background-image: url(\\"data:image/png;base64,\\");
        }


@media (-webkit-min-device-pixel-ratio: 2), (min-resolution: 192dpi) {
        .image .loop-1 {
            background-image:  url(\\"data:image/png;base64,\\");
        }
}


.image .loop-1 {
            background-image: -webkit-image-set(url(\\"data:image/png;base64,\\") 1x, url(\\"data:image/png;base64,\\") 2x);
            background-image: image-set(url(\\"data:image/png;base64,\\") 1x, url(\\"data:image/png;base64,\\") 2x);
            padding: 40px;
        }


.image {
        border-color: blue
}


.image .bar a {
            font-family: Verdana;
  border: 1px solid green;
            color: red;
            background: url('data:image/png;base64,');
            background-image: url(\\"data:image/png;base64,\\")
        }


.image .bar .link {
            font-family: Verdana;
  border: 1px solid green;
            color: red;
            background: url('data:image/png;base64,');
            background-image: url(\\"data:image/png;base64,\\")
        }


@media (-webkit-min-device-pixel-ratio: 2), (min-resolution: 192dpi) {
        .image .bar a,
        .image .bar .link {
            background-image:  url(\\"data:image/png;base64,\\")
        }
}


.image .bar a {
            background-image: -webkit-image-set(url(\\"data:image/png;base64,\\") 1x, url(\\"data:image/png;base64,\\") 2x);
            background-image: image-set(url(\\"data:image/png;base64,\\") 1x, url(\\"data:image/png;base64,\\") 2x);
            padding: 40px
        }


.image .bar .link {
            background-image: -webkit-image-set(url(\\"data:image/png;base64,\\") 1x, url(\\"data:image/png;base64,\\") 2x);
            background-image: image-set(url(\\"data:image/png;base64,\\") 1x, url(\\"data:image/png;base64,\\") 2x);
            padding: 40px
        }


.image .bar a .loop-1 {
                    font-family: Verdana;
  border: 1px solid green;
                    color: red;
                    background: url('data:image/png;base64,');
                    background-image: url(\\"data:image/png;base64,\\");
                }


.image .bar .link .loop-1 {
                    font-family: Verdana;
  border: 1px solid green;
                    color: red;
                    background: url('data:image/png;base64,');
                    background-image: url(\\"data:image/png;base64,\\");
                }


@media (-webkit-min-device-pixel-ratio: 2), (min-resolution: 192dpi) {
                .image .bar a .loop-1, .image .bar .link .loop-1 {
                    background-image:  url(\\"data:image/png;base64,\\");
                }
}


.image .bar a .loop-1 {
                    background-image: -webkit-image-set(url(\\"data:image/png;base64,\\") 1x, url(\\"data:image/png;base64,\\") 2x);
                    background-image: image-set(url(\\"data:image/png;base64,\\") 1x, url(\\"data:image/png;base64,\\") 2x);
                    padding: 40px;
                }


.image .bar .link .loop-1 {
                    background-image: -webkit-image-set(url(\\"data:image/png;base64,\\") 1x, url(\\"data:image/png;base64,\\") 2x);
                    background-image: image-set(url(\\"data:image/png;base64,\\") 1x, url(\\"data:image/png;base64,\\") 2x);
                    padding: 40px;
                }


.image .bar a,
        .image .bar .link {
                border-color: blue
        }


.image .bar a:hover {
                font-family: Verdana;
  border: 1px solid green;
                color: red;
                background: url('data:image/png;base64,');
                background-image: url(\\"data:image/png;base64,\\")
            }


.image .bar .link:hover {
                font-family: Verdana;
  border: 1px solid green;
                color: red;
                background: url('data:image/png;base64,');
                background-image: url(\\"data:image/png;base64,\\")
            }


@media (-webkit-min-device-pixel-ratio: 2), (min-resolution: 192dpi) {


            .image .bar a:hover, .image .bar .link:hover {
                background-image:  url(\\"data:image/png;base64,\\")
            }
}


.image .bar a:hover {
                background-image: -webkit-image-set(url(\\"data:image/png;base64,\\") 1x, url(\\"data:image/png;base64,\\") 2x);
                background-image: image-set(url(\\"data:image/png;base64,\\") 1x, url(\\"data:image/png;base64,\\") 2x);
                padding: 40px
            }


.image .bar .link:hover {
                background-image: -webkit-image-set(url(\\"data:image/png;base64,\\") 1x, url(\\"data:image/png;base64,\\") 2x);
                background-image: image-set(url(\\"data:image/png;base64,\\") 1x, url(\\"data:image/png;base64,\\") 2x);
                padding: 40px
            }


.image .bar a:hover .loop-1 {
                        font-family: Verdana;
  border: 1px solid green;
                        color: red;
                        background: url('data:image/png;base64,');
                        background-image: url(\\"data:image/png;base64,\\");
                    }


.image .bar .link:hover .loop-1 {
                        font-family: Verdana;
  border: 1px solid green;
                        color: red;
                        background: url('data:image/png;base64,');
                        background-image: url(\\"data:image/png;base64,\\");
                    }


@media (-webkit-min-device-pixel-ratio: 2), (min-resolution: 192dpi) {
                    .image .bar a:hover .loop-1, .image .bar .link:hover .loop-1 {
                        background-image:  url(\\"data:image/png;base64,\\");
                    }
}


.image .bar a:hover .loop-1 {
                        background-image: -webkit-image-set(url(\\"data:image/png;base64,\\") 1x, url(\\"data:image/png;base64,\\") 2x);
                        background-image: image-set(url(\\"data:image/png;base64,\\") 1x, url(\\"data:image/png;base64,\\") 2x);
                        padding: 40px;
                    }


.image .bar .link:hover .loop-1 {
                        background-image: -webkit-image-set(url(\\"data:image/png;base64,\\") 1x, url(\\"data:image/png;base64,\\") 2x);
                        background-image: image-set(url(\\"data:image/png;base64,\\") 1x, url(\\"data:image/png;base64,\\") 2x);
                        padding: 40px;
                    }


.image .bar a:hover, .image .bar .link:hover {
                    border-color: blue
            }
"
`;
