// Jest Snapshot v1, https://goo.gl/fbAQLP

exports[`should generate correct output for fixtures/example-1.css 1`] = `
":root {
    --color-red: red;
    --color-red-rgb: 255, 0, 0;
    --padding: 20px;
    --margin-top: 10px;
    --image-url: url(\\"data:image/png;base64,\\");
    --color-white: #fff;
    --color-white-rgb: 255, 255, 255;
};



@media (min-width: 60px) {
    :root {
        --padding: 30px;
    };
}



.image {
    position: absolute;
        top: var(--padding);
        right: 10px;
    font-family: Verdana;

    -webkit-transition: all 0.2s ease;
    transition: all 0.2s ease;
    color: var(--color-red);
    background: url(\\"data:image/png;base64,\\");
    background-image: -webkit-image-set(url(\\"data:image/png;base64,\\") 1x, url(\\"data:image/png;base64,\\") 2x);
    background-image: image-set(url(\\"data:image/png;base64,\\") 1x, url(\\"data:image/png;base64,\\") 2x);
    padding: calc(var(--padding)*2);
    margin-top: calc(var(--margin-top) + 10vh);
    margin-bottom: 10px;
        border-color: blue
}



.image .bar a,
        .image .bar .link {
            font-family: Verdana;

            color: var(--color-red);
            background: var(--image-url);
            background-image: -webkit-image-set(url(\\"data:image/png;base64,\\") 1x, var(--image-url) 2x);
            background-image: image-set(url(\\"data:image/png;base64,\\") 1x, var(--image-url) 2x);
            padding: calc(var(--padding)*2);
                border-color: blue
        }



.image .bar a:hover, .image .bar .link:hover {
                font-family: Verdana;

                color: var(--color-red);
                background: url(\\"data:image/png;base64,\\");
                background-image: -webkit-image-set(url(\\"data:image/png;base64,\\") 1x, url(\\"data:image/png;base64,\\") 2x);
                background-image: image-set(url(\\"data:image/png;base64,\\") 1x, url(\\"data:image/png;base64,\\") 2x);
                padding: calc(var(--padding)*2);
                    border-color: blue
            }



.buttonWrapper .button.tertiary:enabled:hover:not(.loading) span {
                    color: rgba(var(--color-white-rgb), 0.8);
                }



[dir=\\"ltr\\"] .dirTest {
        margin-left: 10px;
    }



[dir=\\"rtl\\"] .dirTest {
        margin-right: 10px;
    }
"
`;
